res at 0x7ffd6453b768, s at 0x7fa4b0ebb010
processing - 'help test tEst Test'
match {'help' - (null) - 4 test} is not a stopword
match {'test' - (null) - 4 test} is a stopword
match {'tEst' - (null) - 4 test} is not a stopword
match {'Test' - (null) - 4 test} is a stopword
no match {'' - (null) - 0 test} is not a stopword
