res at 0x7fffab0a20a8, s at 0x7f1c98ab2010
processing - 'tester testter testters'
match {'tester' - (null) - 6 tester} is not a stopword
match {'testter' - (null) - 7 tester} is not a stopword
match {'testters' - (null) - 8 sub} is not a stopword
no match {'' - (null) - 0 sub} is not a stopword
